

================================================================
== Vitis HLS Report for 'conv2'
================================================================
* Date:           Thu Nov  2 02:40:17 2023

* Version:        2023.1 (Build 3854077 on May  4 2023)
* Project:        srcnn_hls
* Solution:       solution1 (Vivado IP Flow Target)
* Product family: zynquplus
* Target device:  xck24-ubva530-2LV-c


================================================================
== Performance Estimates
================================================================
+ Timing: 
    * Summary: 
    +--------+----------+----------+------------+
    |  Clock |  Target  | Estimated| Uncertainty|
    +--------+----------+----------+------------+
    |ap_clk  |  10.00 ns|  7.300 ns|     2.70 ns|
    +--------+----------+----------+------------+

+ Latency: 
    * Summary: 
    +------------+------------+------------+------------+------------+------------+---------+
    |     Latency (cycles)    |    Latency (absolute)   |         Interval        | Pipeline|
    |     min    |     max    |     min    |     max    |     min    |     max    |   Type  |
    +------------+------------+------------+------------+------------+------------+---------+
    |  1378701191|  1378744711|  13.787 sec|  13.787 sec|  1378701191|  1378744711|       no|
    +------------+------------+------------+------------+------------+------------+---------+

    + Detail: 
        * Instance: 
        +---------------------------------+----------------------+---------+---------+----------+----------+-----+-----+---------+
        |                                 |                      |  Latency (cycles) |  Latency (absolute) |  Interval | Pipeline|
        |             Instance            |        Module        |   min   |   max   |    min   |    max   | min | max |   Type  |
        +---------------------------------+----------------------+---------+---------+----------+----------+-----+-----+---------+
        |grp_conv2_Pipeline_RELU_fu_617   |conv2_Pipeline_RELU   |      517|      517|  5.170 us|  5.170 us|  517|  517|       no|
        |grp_conv2_Pipeline_RELU3_fu_625  |conv2_Pipeline_RELU3  |      517|      517|  5.170 us|  5.170 us|  517|  517|       no|
        +---------------------------------+----------------------+---------+---------+----------+----------+-----+-----+---------+

        * Loop: 
        +--------------------+------------+------------+-------------------+-----------+-----------+------+----------+
        |                    |     Latency (cycles)    |     Iteration     |  Initiation Interval  | Trip |          |
        |      Loop Name     |     min    |     max    |      Latency      |  achieved |   target  | Count| Pipelined|
        +--------------------+------------+------------+-------------------+-----------+-----------+------+----------+
        |- TILE_IN_TILE_ROW  |  1378701190|  1378744710|  8110007 ~ 8110263|          -|          -|   170|        no|
        | + LOAD_INPUT       |       73952|       73952|               2311|          -|          -|    32|        no|
        |  ++ BH             |        2301|        2301|                767|          -|          -|     3|        no|
        |   +++ BH.1         |         765|         765|                  3|          -|          -|   255|        no|
        | + TILE_OUT         |     8036052|     8036308|  2009013 ~ 2009077|          -|          -|     4|        no|
        |  ++ LOAD_WEIGHTS   |         848|         848|                106|          -|          -|     8|        no|
        |   +++ IN           |          96|          96|                  3|          -|          -|    32|        no|
        |  ++ OUT            |     1960720|     1960720|             245090|          -|          -|     8|        no|
        |   +++ IN           |      245088|      245088|               7659|          -|          -|    32|        no|
        |    ++++ ROW        |        7656|        7656|               2552|          -|          -|     3|        no|
        |     +++++ COL      |        2550|        2550|                 10|          -|          -|   255|        no|
        |  ++ EXPORT         |       41288|       41352|        5161 ~ 5169|          -|          -|     8|        no|
        |   +++ BH           |        5158|        5165|               2579|          -|          -|     2|        no|
        |    ++++ BH.1       |         765|         765|                  3|          -|          -|   255|        no|
        |    ++++ BH.2       |         765|         765|                  3|          -|          -|   255|        no|
        |  ++ CLEAR          |        6152|        6152|                769|          -|          -|     8|        no|
        |   +++ BW           |         255|         255|                  1|          -|          -|   255|        no|
        |   +++ BW           |         255|         255|                  1|          -|          -|   255|        no|
        |   +++ BW           |         255|         255|                  1|          -|          -|   255|        no|
        +--------------------+------------+------------+-------------------+-----------+-----------+------+----------+



================================================================
== Utilization Estimates
================================================================
* Summary: 
+-----------------+---------+-----+--------+-------+-----+
|       Name      | BRAM_18K| DSP |   FF   |  LUT  | URAM|
+-----------------+---------+-----+--------+-------+-----+
|DSP              |        -|    -|       -|      -|    -|
|Expression       |        -|    -|       0|   1661|    -|
|FIFO             |        -|    -|       -|      -|    -|
|Instance         |        -|    2|     318|    488|    -|
|Memory           |       59|    -|       0|      0|    0|
|Multiplexer      |        -|    -|       -|    861|    -|
|Register         |        -|    -|    1221|      -|    -|
+-----------------+---------+-----+--------+-------+-----+
|Total            |       59|    2|    1539|   3010|    0|
+-----------------+---------+-----+--------+-------+-----+
|Available        |      432|  360|  141120|  70560|    0|
+-----------------+---------+-----+--------+-------+-----+
|Utilization (%)  |       13|   ~0|       1|      4|    0|
+-----------------+---------+-----+--------+-------+-----+

+ Detail: 
    * Instance: 
    +---------------------------------+----------------------+---------+----+-----+-----+-----+
    |             Instance            |        Module        | BRAM_18K| DSP|  FF | LUT | URAM|
    +---------------------------------+----------------------+---------+----+-----+-----+-----+
    |grp_conv2_Pipeline_RELU_fu_617   |conv2_Pipeline_RELU   |        0|   0|  159|  238|    0|
    |grp_conv2_Pipeline_RELU3_fu_625  |conv2_Pipeline_RELU3  |        0|   0|  159|  238|    0|
    |mul_5ns_19ns_23_1_1_U60          |mul_5ns_19ns_23_1_1   |        0|   1|    0|    6|    0|
    |mul_6ns_19ns_24_1_1_U59          |mul_6ns_19ns_24_1_1   |        0|   1|    0|    6|    0|
    +---------------------------------+----------------------+---------+----+-----+-----+-----+
    |Total                            |                      |        0|   2|  318|  488|    0|
    +---------------------------------+----------------------+---------+----+-----+-----+-----+

    * DSP: 
    N/A

    * Memory: 
    +-----------------------+-----------------------------------------+---------+---+----+-----+-------+-----+------+-------------+
    |         Memory        |                  Module                 | BRAM_18K| FF| LUT| URAM| Words | Bits| Banks| W*Bits*Banks|
    +-----------------------+-----------------------------------------+---------+---+----+-----+-------+-----+------+-------------+
    |input_fm_buffer_1_U    |conv2_input_fm_buffer_1_RAM_AUTO_1R1W    |       44|  0|   0|    0|  24480|   32|     1|       783360|
    |output_fm_buffer_U     |conv2_output_fm_buffer_RAM_AUTO_1R1W     |       14|  0|   0|    0|   6120|   32|     1|       195840|
    |weight_buffer_3_0_0_U  |conv2_weight_buffer_3_0_0_RAM_AUTO_1R1W  |        1|  0|   0|    0|    256|   32|     1|         8192|
    +-----------------------+-----------------------------------------+---------+---+----+-----+-------+-----+------+-------------+
    |Total                  |                                         |       59|  0|   0|    0|  30856|   96|     3|       987392|
    +-----------------------+-----------------------------------------+---------+---+----+-----+-------+-----+------+-------------+

    * FIFO: 
    N/A

    * Expression: 
    +-------------------------+----------+----+---+----+------------+------------+
    |      Variable Name      | Operation| DSP| FF| LUT| Bitwidth P0| Bitwidth P1|
    +-------------------------+----------+----+---+----+------------+------------+
    |add_ln104_fu_1284_p2     |         +|   0|  0|  12|           4|           1|
    |add_ln105_fu_1628_p2     |         +|   0|  0|  10|           3|           2|
    |add_ln108_1_fu_1395_p2   |         +|   0|  0|  16|           9|           9|
    |add_ln108_2_fu_1434_p2   |         +|   0|  0|  71|          64|          64|
    |add_ln108_3_fu_1498_p2   |         +|   0|  0|  16|           9|           9|
    |add_ln108_4_fu_1537_p2   |         +|   0|  0|  71|          64|          64|
    |add_ln108_fu_1318_p2     |         +|   0|  0|  71|          64|          64|
    |add_ln111_1_fu_1550_p2   |         +|   0|  0|  15|           8|           8|
    |add_ln111_fu_1363_p2     |         +|   0|  0|  15|           8|           8|
    |add_ln30_1_fu_670_p2     |         +|   0|  0|  15|           8|           1|
    |add_ln30_fu_682_p2       |         +|   0|  0|  14|           7|           6|
    |add_ln31_fu_936_p2       |         +|   0|  0|  15|           8|           2|
    |add_ln35_fu_1669_p2      |         +|   0|  0|  13|           6|           4|
    |add_ln39_fu_1106_p2      |         +|   0|  0|  12|           4|           1|
    |add_ln40_fu_1158_p2      |         +|   0|  0|  13|           6|           1|
    |add_ln42_fu_1232_p2      |         +|   0|  0|   9|           2|           1|
    |add_ln43_fu_1272_p2      |         +|   0|  0|  15|           8|           1|
    |add_ln45_3_fu_1199_p2    |         +|   0|  0|  15|           8|           8|
    |add_ln45_4_fu_1246_p2    |         +|   0|  0|  22|          15|          15|
    |add_ln45_5_fu_1256_p2    |         +|   0|  0|  20|          13|          13|
    |add_ln45_fu_1172_p2      |         +|   0|  0|  17|          10|          10|
    |add_ln57_1_fu_1639_p2    |         +|   0|  0|  20|          13|          10|
    |add_ln57_fu_1663_p2      |         +|   0|  0|  12|           4|           1|
    |add_ln60_1_fu_1722_p2    |         +|   0|  0|  15|           8|           1|
    |add_ln60_2_fu_1748_p2    |         +|   0|  0|  15|           8|           1|
    |add_ln60_fu_1696_p2      |         +|   0|  0|  15|           8|           1|
    |add_ln62_1_fu_1651_p2    |         +|   0|  0|  20|          13|           9|
    |add_ln62_2_fu_1679_p2    |         +|   0|  0|  20|          13|          13|
    |add_ln62_3_fu_1706_p2    |         +|   0|  0|  20|          13|          13|
    |add_ln62_4_fu_1732_p2    |         +|   0|  0|  20|          13|          13|
    |add_ln62_fu_1645_p2      |         +|   0|  0|  20|          13|           8|
    |add_ln74_fu_796_p2       |         +|   0|  0|  13|           6|           1|
    |add_ln75_fu_888_p2       |         +|   0|  0|   9|           2|           1|
    |add_ln88_fu_972_p2       |         +|   0|  0|  12|           4|           1|
    |add_ln89_fu_1052_p2      |         +|   0|  0|  13|           6|           1|
    |add_ln91_fu_1036_p2      |         +|   0|  0|  15|           8|           8|
    |empty_100_fu_1467_p2     |         +|   0|  0|  20|          13|          13|
    |empty_101_fu_1483_p2     |         +|   0|  0|  15|           8|           1|
    |empty_105_fu_1606_p2     |         +|   0|  0|  20|          13|          13|
    |empty_106_fu_1622_p2     |         +|   0|  0|  15|           8|           1|
    |empty_83_fu_802_p2       |         +|   0|  0|  13|           6|           6|
    |empty_85_fu_826_p2       |         +|   0|  0|  64|          64|          64|
    |empty_87_fu_855_p2       |         +|   0|  0|  17|          10|          10|
    |empty_90_fu_898_p2       |         +|   0|  0|  22|          15|          15|
    |empty_91_fu_914_p2       |         +|   0|  0|  15|           8|           1|
    |empty_93_fu_1007_p2      |         +|   0|  0|  64|          64|          64|
    |empty_96_fu_1142_p2      |         +|   0|  0|  15|           8|           8|
    |empty_97_fu_1294_p2      |         +|   0|  0|  12|           5|           5|
    |tmp1_fu_1002_p2          |         +|   0|  0|  64|          64|          64|
    |tmp_fu_821_p2            |         +|   0|  0|  64|          64|          64|
    |empty_109_fu_754_p2      |         -|   0|  0|  26|          19|          19|
    |empty_89_fu_876_p2       |         -|   0|  0|  22|          15|          15|
    |empty_fu_780_p2          |         -|   0|  0|  16|           9|           9|
    |sub_ln108_1_fu_1527_p2   |         -|   0|  0|  27|          20|          20|
    |sub_ln108_fu_1424_p2     |         -|   0|  0|  27|          20|          20|
    |sub_ln111_1_fu_1384_p2   |         -|   0|  0|  20|          13|          13|
    |sub_ln111_2_fu_1571_p2   |         -|   0|  0|  20|          13|          13|
    |sub_ln111_fu_1339_p2     |         -|   0|  0|  14|           7|           7|
    |sub_ln45_1_fu_1132_p2    |         -|   0|  0|  16|           9|           9|
    |sub_ln45_2_fu_1193_p2    |         -|   0|  0|  22|          15|          15|
    |sub_ln45_3_fu_1220_p2    |         -|   0|  0|  20|          13|          13|
    |sub_ln45_fu_1082_p2      |         -|   0|  0|  14|           7|           7|
    |ap_block_state54         |       and|   0|  0|   2|           1|           1|
    |exitcond5516_fu_1477_p2  |      icmp|   0|  0|  15|           8|           2|
    |exitcond5918_fu_1616_p2  |      icmp|   0|  0|  15|           8|           2|
    |exitcond6_fu_908_p2      |      icmp|   0|  0|  15|           8|           2|
    |icmp_ln104_fu_1278_p2    |      icmp|   0|  0|  12|           4|           5|
    |icmp_ln105_1_fu_1578_p2  |      icmp|   0|  0|   9|           2|           2|
    |icmp_ln105_fu_1353_p2    |      icmp|   0|  0|  10|           3|           2|
    |icmp_ln30_fu_664_p2      |      icmp|   0|  0|  15|           8|           8|
    |icmp_ln31_fu_688_p2      |      icmp|   0|  0|  15|           8|           2|
    |icmp_ln39_fu_1100_p2     |      icmp|   0|  0|  12|           4|           5|
    |icmp_ln40_fu_1152_p2     |      icmp|   0|  0|  14|           6|           7|
    |icmp_ln42_fu_1226_p2     |      icmp|   0|  0|   9|           2|           2|
    |icmp_ln43_fu_1266_p2     |      icmp|   0|  0|  15|           8|           2|
    |icmp_ln57_fu_1657_p2     |      icmp|   0|  0|  12|           4|           5|
    |icmp_ln60_1_fu_1716_p2   |      icmp|   0|  0|  15|           8|           2|
    |icmp_ln60_2_fu_1742_p2   |      icmp|   0|  0|  15|           8|           2|
    |icmp_ln60_fu_1690_p2     |      icmp|   0|  0|  15|           8|           2|
    |icmp_ln74_fu_790_p2      |      icmp|   0|  0|  14|           6|           7|
    |icmp_ln75_fu_882_p2      |      icmp|   0|  0|   9|           2|           2|
    |icmp_ln88_fu_966_p2      |      icmp|   0|  0|  12|           4|           5|
    |icmp_ln89_fu_1046_p2     |      icmp|   0|  0|  14|           6|           7|
    |or_ln108_fu_1489_p2      |        or|   0|  0|   2|           2|           1|
    |select_ln30_1_fu_702_p3  |    select|   0|  0|   7|           1|           7|
    |select_ln30_fu_694_p3    |    select|   0|  0|   8|           1|           1|
    +-------------------------+----------+----+---+----+------------+------------+
    |Total                    |          |   0|  0|1661|        1090|         946|
    +-------------------------+----------+----+---+----+------------+------------+

    * Multiplexer: 
    +------------------------------+-----+-----------+-----+-----------+
    |             Name             | LUT | Input Size| Bits| Total Bits|
    +------------------------------+-----+-----------+-----+-----------+
    |ap_NS_fsm                     |  319|         68|    1|         68|
    |bh_2_reg_527                  |    9|          2|    3|          6|
    |bh_reg_415                    |    9|          2|    2|          4|
    |bin_2_reg_460                 |    9|          2|    6|         12|
    |bin_reg_404                   |    9|          2|    6|         12|
    |bout_1_reg_515                |    9|          2|    4|          8|
    |bout_reg_449                  |    9|          2|    4|          8|
    |c_reg_504                     |    9|          2|    8|         16|
    |grp_fu_2177_ce                |   14|          3|    1|          3|
    |grp_fu_2177_opcode            |   14|          3|    5|         15|
    |grp_fu_2177_p0                |   14|          3|   32|         96|
    |grp_fu_2177_p1                |   14|          3|   32|         96|
    |grp_fu_633_ce                 |   14|          3|    1|          3|
    |grp_fu_633_p0                 |   20|          4|   32|        128|
    |grp_fu_633_p1                 |   20|          4|   32|        128|
    |h_fu_212                      |    9|          2|    8|         16|
    |i2_blk_n_AR                   |    9|          2|    1|          2|
    |i2_blk_n_R                    |    9|          2|    1|          2|
    |i3_blk_n_AW                   |    9|          2|    1|          2|
    |i3_blk_n_B                    |    9|          2|    1|          2|
    |i3_blk_n_W                    |    9|          2|    1|          2|
    |i_reg_482                     |    9|          2|    6|         12|
    |in_fu_216                     |    9|          2|    7|         14|
    |indvar_flatten_fu_220         |    9|          2|    8|         16|
    |input_fm_buffer_1_address0    |   14|          3|   15|         45|
    |loop_index_0_i_reg_539        |    9|          2|    8|         16|
    |loop_index_1_i_reg_550        |    9|          2|    8|         16|
    |loop_index_i_reg_426          |    9|          2|    8|         16|
    |m_axi_i3_AWADDR               |   14|          3|   64|        192|
    |m_axi_i3_WDATA                |   14|          3|   32|         96|
    |o_1_reg_561                   |    9|          2|    4|          8|
    |o_reg_471                     |    9|          2|    4|          8|
    |out_reg_437                   |    9|          2|    6|         12|
    |output_fm_buffer_address0     |   49|          9|   13|        117|
    |output_fm_buffer_ce0          |   20|          4|    1|          4|
    |output_fm_buffer_d0           |   26|          5|   32|        160|
    |output_fm_buffer_we0          |   20|          4|    1|          4|
    |phi_mul_reg_572               |    9|          2|   13|         26|
    |r_reg_493                     |    9|          2|    2|          4|
    |w2_blk_n_AR                   |    9|          2|    1|          2|
    |w2_blk_n_R                    |    9|          2|    1|          2|
    |w_5_reg_595                   |    9|          2|    8|         16|
    |w_6_reg_606                   |    9|          2|    8|         16|
    |w_reg_584                     |    9|          2|    8|         16|
    |weight_buffer_3_0_0_address0  |   14|          3|    8|         24|
    +------------------------------+-----+-----------+-----+-----------+
    |Total                         |  861|        183|  448|       1471|
    +------------------------------+-----+-----------+-----+-----------+

    * Register: 
    +----------------------------------------------+----+----+-----+-----------+
    |                     Name                     | FF | LUT| Bits| Const Bits|
    +----------------------------------------------+----+----+-----+-----------+
    |add_ln104_reg_2019                            |   4|   0|    4|          0|
    |add_ln105_reg_2120                            |   3|   0|    3|          0|
    |add_ln108_4_reg_2087                          |  64|   0|   64|          0|
    |add_ln108_reg_2029                            |  64|   0|   64|          0|
    |add_ln30_1_reg_1793                           |   8|   0|    8|          0|
    |add_ln39_reg_1937                             |   4|   0|    4|          0|
    |add_ln40_reg_1955                             |   6|   0|    6|          0|
    |add_ln42_reg_1978                             |   2|   0|    2|          0|
    |add_ln43_reg_1996                             |   8|   0|    8|          0|
    |add_ln57_1_reg_2125                           |  13|   0|   13|          0|
    |add_ln57_reg_2143                             |   4|   0|    4|          0|
    |add_ln62_1_reg_2135                           |  13|   0|   13|          0|
    |add_ln62_reg_2130                             |  13|   0|   13|          0|
    |add_ln74_reg_1837                             |   6|   0|    6|          0|
    |add_ln75_reg_1856                             |   2|   0|    2|          0|
    |add_ln88_reg_1895                             |   4|   0|    4|          0|
    |add_ln89_reg_1914                             |   6|   0|    6|          0|
    |add_reg_2011                                  |  32|   0|   32|          0|
    |ap_CS_fsm                                     |  67|   0|   67|          0|
    |bh_2_reg_527                                  |   3|   0|    3|          0|
    |bh_reg_415                                    |   2|   0|    2|          0|
    |bin_2_reg_460                                 |   6|   0|    6|          0|
    |bin_reg_404                                   |   6|   0|    6|          0|
    |bout_1_reg_515                                |   4|   0|    4|          0|
    |bout_reg_449                                  |   4|   0|    4|          0|
    |c_reg_504                                     |   8|   0|    8|          0|
    |empty_101_reg_2076                            |   8|   0|    8|          0|
    |empty_106_reg_2115                            |   8|   0|    8|          0|
    |empty_89_reg_1848                             |  15|   0|   15|          0|
    |empty_91_reg_1869                             |   8|   0|    8|          0|
    |empty_98_reg_2041                             |  32|   0|   32|          0|
    |grp_conv2_Pipeline_RELU3_fu_625_ap_start_reg  |   1|   0|    1|          0|
    |grp_conv2_Pipeline_RELU_fu_617_ap_start_reg   |   1|   0|    1|          0|
    |h_fu_212                                      |   8|   0|    8|          0|
    |i2_addr_read_reg_1874                         |  32|   0|   32|          0|
    |i2_addr_reg_1842                              |  64|   0|   64|          0|
    |i3_addr_2_reg_2101                            |  64|   0|   64|          0|
    |i3_addr_reg_2057                              |  64|   0|   64|          0|
    |i_reg_482                                     |   6|   0|    6|          0|
    |icmp_ln105_reg_2047                           |   1|   0|    1|          0|
    |in_fu_216                                     |   7|   0|    7|          0|
    |indvar_flatten_fu_220                         |   8|   0|    8|          0|
    |input_fm_buffer_1_addr_reg_1861               |  15|   0|   15|          0|
    |input_fm_buffer_1_load_reg_2001               |  32|   0|   32|          0|
    |loop_index_0_i_reg_539                        |   8|   0|    8|          0|
    |loop_index_1_i_reg_550                        |   8|   0|    8|          0|
    |loop_index_i_reg_426                          |   8|   0|    8|          0|
    |mul_reg_2006                                  |  32|   0|   32|          0|
    |o_1_reg_561                                   |   4|   0|    4|          0|
    |o_reg_471                                     |   4|   0|    4|          0|
    |or_ln108_reg_2081                             |   1|   0|    2|          1|
    |out_reg_437                                   |   6|   0|    6|          0|
    |output_fm_buffer_addr_4_reg_1988              |  13|   0|   13|          0|
    |phi_mul_reg_572                               |  13|   0|   13|          0|
    |r_reg_493                                     |   2|   0|    2|          0|
    |reg_641                                       |  32|   0|   32|          0|
    |select_ln30_1_reg_1803                        |   7|   0|    7|          0|
    |select_ln30_reg_1798                          |   8|   0|    8|          0|
    |sext_ln104_reg_2035                           |   8|   0|    8|          0|
    |sext_ln74_1_reg_1829                          |  10|   0|   10|          0|
    |sext_ln74_reg_1824                            |  62|   0|   64|          2|
    |sub_ln111_1_reg_2051                          |  13|   0|   13|          0|
    |sub_ln111_2_reg_2092                          |  13|   0|   13|          0|
    |sub_ln45_1_cast_reg_1942                      |  10|   0|   10|          0|
    |sub_ln45_2_reg_1965                           |  15|   0|   15|          0|
    |sub_ln45_3_reg_1970                           |  13|   0|   13|          0|
    |sub_ln45_cast_reg_1924                        |   8|   0|    8|          0|
    |tmp_10_reg_1887                               |   3|   0|    8|          5|
    |tmp_13_reg_1929                               |   3|   0|    8|          5|
    |trunc_ln100_reg_1882                          |   5|   0|    5|          0|
    |trunc_ln105_reg_2063                          |   2|   0|    2|          0|
    |trunc_ln30_reg_1808                           |   6|   0|    6|          0|
    |w2_addr_read_reg_1919                         |  32|   0|   32|          0|
    |w2_addr_reg_1900                              |  64|   0|   64|          0|
    |w_5_reg_595                                   |   8|   0|    8|          0|
    |w_6_reg_606                                   |   8|   0|    8|          0|
    |w_reg_584                                     |   8|   0|    8|          0|
    |weight_buffer_3_0_0_addr_reg_1906             |   8|   0|    8|          0|
    |weight_buffer_3_0_0_load_reg_1960             |  32|   0|   32|          0|
    |zext_ln101_reg_1818                           |   8|   0|    9|          1|
    |zext_ln30_reg_1813                            |   6|   0|   64|         58|
    +----------------------------------------------+----+----+-----+-----------+
    |Total                                         |1221|   0| 1293|         72|
    +----------------------------------------------+----+----+-----+-----------+



================================================================
== Interface
================================================================
* Summary: 
+-----------------------+-----+-----+------------+---------------+--------------+
|       RTL Ports       | Dir | Bits|  Protocol  | Source Object |    C Type    |
+-----------------------+-----+-----+------------+---------------+--------------+
|ap_clk                 |   in|    1|  ap_ctrl_hs|          conv2|  return value|
|ap_rst                 |   in|    1|  ap_ctrl_hs|          conv2|  return value|
|ap_start               |   in|    1|  ap_ctrl_hs|          conv2|  return value|
|ap_done                |  out|    1|  ap_ctrl_hs|          conv2|  return value|
|ap_idle                |  out|    1|  ap_ctrl_hs|          conv2|  return value|
|ap_ready               |  out|    1|  ap_ctrl_hs|          conv2|  return value|
|grp_fu_292_p_din0      |  out|   32|  ap_ctrl_hs|          conv2|  return value|
|grp_fu_292_p_din1      |  out|   32|  ap_ctrl_hs|          conv2|  return value|
|grp_fu_292_p_opcode    |  out|    5|  ap_ctrl_hs|          conv2|  return value|
|grp_fu_292_p_dout0     |   in|    1|  ap_ctrl_hs|          conv2|  return value|
|grp_fu_292_p_ce        |  out|    1|  ap_ctrl_hs|          conv2|  return value|
|grp_fu_284_p_din0      |  out|   32|  ap_ctrl_hs|          conv2|  return value|
|grp_fu_284_p_din1      |  out|   32|  ap_ctrl_hs|          conv2|  return value|
|grp_fu_284_p_opcode    |  out|    2|  ap_ctrl_hs|          conv2|  return value|
|grp_fu_284_p_dout0     |   in|   32|  ap_ctrl_hs|          conv2|  return value|
|grp_fu_284_p_ce        |  out|    1|  ap_ctrl_hs|          conv2|  return value|
|grp_fu_288_p_din0      |  out|   32|  ap_ctrl_hs|          conv2|  return value|
|grp_fu_288_p_din1      |  out|   32|  ap_ctrl_hs|          conv2|  return value|
|grp_fu_288_p_dout0     |   in|   32|  ap_ctrl_hs|          conv2|  return value|
|grp_fu_288_p_ce        |  out|    1|  ap_ctrl_hs|          conv2|  return value|
|m_axi_i2_AWVALID       |  out|    1|       m_axi|             i2|       pointer|
|m_axi_i2_AWREADY       |   in|    1|       m_axi|             i2|       pointer|
|m_axi_i2_AWADDR        |  out|   64|       m_axi|             i2|       pointer|
|m_axi_i2_AWID          |  out|    1|       m_axi|             i2|       pointer|
|m_axi_i2_AWLEN         |  out|   32|       m_axi|             i2|       pointer|
|m_axi_i2_AWSIZE        |  out|    3|       m_axi|             i2|       pointer|
|m_axi_i2_AWBURST       |  out|    2|       m_axi|             i2|       pointer|
|m_axi_i2_AWLOCK        |  out|    2|       m_axi|             i2|       pointer|
|m_axi_i2_AWCACHE       |  out|    4|       m_axi|             i2|       pointer|
|m_axi_i2_AWPROT        |  out|    3|       m_axi|             i2|       pointer|
|m_axi_i2_AWQOS         |  out|    4|       m_axi|             i2|       pointer|
|m_axi_i2_AWREGION      |  out|    4|       m_axi|             i2|       pointer|
|m_axi_i2_AWUSER        |  out|    1|       m_axi|             i2|       pointer|
|m_axi_i2_WVALID        |  out|    1|       m_axi|             i2|       pointer|
|m_axi_i2_WREADY        |   in|    1|       m_axi|             i2|       pointer|
|m_axi_i2_WDATA         |  out|   32|       m_axi|             i2|       pointer|
|m_axi_i2_WSTRB         |  out|    4|       m_axi|             i2|       pointer|
|m_axi_i2_WLAST         |  out|    1|       m_axi|             i2|       pointer|
|m_axi_i2_WID           |  out|    1|       m_axi|             i2|       pointer|
|m_axi_i2_WUSER         |  out|    1|       m_axi|             i2|       pointer|
|m_axi_i2_ARVALID       |  out|    1|       m_axi|             i2|       pointer|
|m_axi_i2_ARREADY       |   in|    1|       m_axi|             i2|       pointer|
|m_axi_i2_ARADDR        |  out|   64|       m_axi|             i2|       pointer|
|m_axi_i2_ARID          |  out|    1|       m_axi|             i2|       pointer|
|m_axi_i2_ARLEN         |  out|   32|       m_axi|             i2|       pointer|
|m_axi_i2_ARSIZE        |  out|    3|       m_axi|             i2|       pointer|
|m_axi_i2_ARBURST       |  out|    2|       m_axi|             i2|       pointer|
|m_axi_i2_ARLOCK        |  out|    2|       m_axi|             i2|       pointer|
|m_axi_i2_ARCACHE       |  out|    4|       m_axi|             i2|       pointer|
|m_axi_i2_ARPROT        |  out|    3|       m_axi|             i2|       pointer|
|m_axi_i2_ARQOS         |  out|    4|       m_axi|             i2|       pointer|
|m_axi_i2_ARREGION      |  out|    4|       m_axi|             i2|       pointer|
|m_axi_i2_ARUSER        |  out|    1|       m_axi|             i2|       pointer|
|m_axi_i2_RVALID        |   in|    1|       m_axi|             i2|       pointer|
|m_axi_i2_RREADY        |  out|    1|       m_axi|             i2|       pointer|
|m_axi_i2_RDATA         |   in|   32|       m_axi|             i2|       pointer|
|m_axi_i2_RLAST         |   in|    1|       m_axi|             i2|       pointer|
|m_axi_i2_RID           |   in|    1|       m_axi|             i2|       pointer|
|m_axi_i2_RFIFONUM      |   in|   13|       m_axi|             i2|       pointer|
|m_axi_i2_RUSER         |   in|    1|       m_axi|             i2|       pointer|
|m_axi_i2_RRESP         |   in|    2|       m_axi|             i2|       pointer|
|m_axi_i2_BVALID        |   in|    1|       m_axi|             i2|       pointer|
|m_axi_i2_BREADY        |  out|    1|       m_axi|             i2|       pointer|
|m_axi_i2_BRESP         |   in|    2|       m_axi|             i2|       pointer|
|m_axi_i2_BID           |   in|    1|       m_axi|             i2|       pointer|
|m_axi_i2_BUSER         |   in|    1|       m_axi|             i2|       pointer|
|input_ftmap            |   in|   64|     ap_none|    input_ftmap|        scalar|
|m_axi_w2_AWVALID       |  out|    1|       m_axi|             w2|       pointer|
|m_axi_w2_AWREADY       |   in|    1|       m_axi|             w2|       pointer|
|m_axi_w2_AWADDR        |  out|   64|       m_axi|             w2|       pointer|
|m_axi_w2_AWID          |  out|    1|       m_axi|             w2|       pointer|
|m_axi_w2_AWLEN         |  out|   32|       m_axi|             w2|       pointer|
|m_axi_w2_AWSIZE        |  out|    3|       m_axi|             w2|       pointer|
|m_axi_w2_AWBURST       |  out|    2|       m_axi|             w2|       pointer|
|m_axi_w2_AWLOCK        |  out|    2|       m_axi|             w2|       pointer|
|m_axi_w2_AWCACHE       |  out|    4|       m_axi|             w2|       pointer|
|m_axi_w2_AWPROT        |  out|    3|       m_axi|             w2|       pointer|
|m_axi_w2_AWQOS         |  out|    4|       m_axi|             w2|       pointer|
|m_axi_w2_AWREGION      |  out|    4|       m_axi|             w2|       pointer|
|m_axi_w2_AWUSER        |  out|    1|       m_axi|             w2|       pointer|
|m_axi_w2_WVALID        |  out|    1|       m_axi|             w2|       pointer|
|m_axi_w2_WREADY        |   in|    1|       m_axi|             w2|       pointer|
|m_axi_w2_WDATA         |  out|   32|       m_axi|             w2|       pointer|
|m_axi_w2_WSTRB         |  out|    4|       m_axi|             w2|       pointer|
|m_axi_w2_WLAST         |  out|    1|       m_axi|             w2|       pointer|
|m_axi_w2_WID           |  out|    1|       m_axi|             w2|       pointer|
|m_axi_w2_WUSER         |  out|    1|       m_axi|             w2|       pointer|
|m_axi_w2_ARVALID       |  out|    1|       m_axi|             w2|       pointer|
|m_axi_w2_ARREADY       |   in|    1|       m_axi|             w2|       pointer|
|m_axi_w2_ARADDR        |  out|   64|       m_axi|             w2|       pointer|
|m_axi_w2_ARID          |  out|    1|       m_axi|             w2|       pointer|
|m_axi_w2_ARLEN         |  out|   32|       m_axi|             w2|       pointer|
|m_axi_w2_ARSIZE        |  out|    3|       m_axi|             w2|       pointer|
|m_axi_w2_ARBURST       |  out|    2|       m_axi|             w2|       pointer|
|m_axi_w2_ARLOCK        |  out|    2|       m_axi|             w2|       pointer|
|m_axi_w2_ARCACHE       |  out|    4|       m_axi|             w2|       pointer|
|m_axi_w2_ARPROT        |  out|    3|       m_axi|             w2|       pointer|
|m_axi_w2_ARQOS         |  out|    4|       m_axi|             w2|       pointer|
|m_axi_w2_ARREGION      |  out|    4|       m_axi|             w2|       pointer|
|m_axi_w2_ARUSER        |  out|    1|       m_axi|             w2|       pointer|
|m_axi_w2_RVALID        |   in|    1|       m_axi|             w2|       pointer|
|m_axi_w2_RREADY        |  out|    1|       m_axi|             w2|       pointer|
|m_axi_w2_RDATA         |   in|   32|       m_axi|             w2|       pointer|
|m_axi_w2_RLAST         |   in|    1|       m_axi|             w2|       pointer|
|m_axi_w2_RID           |   in|    1|       m_axi|             w2|       pointer|
|m_axi_w2_RFIFONUM      |   in|   13|       m_axi|             w2|       pointer|
|m_axi_w2_RUSER         |   in|    1|       m_axi|             w2|       pointer|
|m_axi_w2_RRESP         |   in|    2|       m_axi|             w2|       pointer|
|m_axi_w2_BVALID        |   in|    1|       m_axi|             w2|       pointer|
|m_axi_w2_BREADY        |  out|    1|       m_axi|             w2|       pointer|
|m_axi_w2_BRESP         |   in|    2|       m_axi|             w2|       pointer|
|m_axi_w2_BID           |   in|    1|       m_axi|             w2|       pointer|
|m_axi_w2_BUSER         |   in|    1|       m_axi|             w2|       pointer|
|conv2_weights          |   in|   64|     ap_none|  conv2_weights|        scalar|
|conv2_biases_address0  |  out|    5|   ap_memory|   conv2_biases|         array|
|conv2_biases_ce0       |  out|    1|   ap_memory|   conv2_biases|         array|
|conv2_biases_q0        |   in|   32|   ap_memory|   conv2_biases|         array|
|m_axi_i3_AWVALID       |  out|    1|       m_axi|             i3|       pointer|
|m_axi_i3_AWREADY       |   in|    1|       m_axi|             i3|       pointer|
|m_axi_i3_AWADDR        |  out|   64|       m_axi|             i3|       pointer|
|m_axi_i3_AWID          |  out|    1|       m_axi|             i3|       pointer|
|m_axi_i3_AWLEN         |  out|   32|       m_axi|             i3|       pointer|
|m_axi_i3_AWSIZE        |  out|    3|       m_axi|             i3|       pointer|
|m_axi_i3_AWBURST       |  out|    2|       m_axi|             i3|       pointer|
|m_axi_i3_AWLOCK        |  out|    2|       m_axi|             i3|       pointer|
|m_axi_i3_AWCACHE       |  out|    4|       m_axi|             i3|       pointer|
|m_axi_i3_AWPROT        |  out|    3|       m_axi|             i3|       pointer|
|m_axi_i3_AWQOS         |  out|    4|       m_axi|             i3|       pointer|
|m_axi_i3_AWREGION      |  out|    4|       m_axi|             i3|       pointer|
|m_axi_i3_AWUSER        |  out|    1|       m_axi|             i3|       pointer|
|m_axi_i3_WVALID        |  out|    1|       m_axi|             i3|       pointer|
|m_axi_i3_WREADY        |   in|    1|       m_axi|             i3|       pointer|
|m_axi_i3_WDATA         |  out|   32|       m_axi|             i3|       pointer|
|m_axi_i3_WSTRB         |  out|    4|       m_axi|             i3|       pointer|
|m_axi_i3_WLAST         |  out|    1|       m_axi|             i3|       pointer|
|m_axi_i3_WID           |  out|    1|       m_axi|             i3|       pointer|
|m_axi_i3_WUSER         |  out|    1|       m_axi|             i3|       pointer|
|m_axi_i3_ARVALID       |  out|    1|       m_axi|             i3|       pointer|
|m_axi_i3_ARREADY       |   in|    1|       m_axi|             i3|       pointer|
|m_axi_i3_ARADDR        |  out|   64|       m_axi|             i3|       pointer|
|m_axi_i3_ARID          |  out|    1|       m_axi|             i3|       pointer|
|m_axi_i3_ARLEN         |  out|   32|       m_axi|             i3|       pointer|
|m_axi_i3_ARSIZE        |  out|    3|       m_axi|             i3|       pointer|
|m_axi_i3_ARBURST       |  out|    2|       m_axi|             i3|       pointer|
|m_axi_i3_ARLOCK        |  out|    2|       m_axi|             i3|       pointer|
|m_axi_i3_ARCACHE       |  out|    4|       m_axi|             i3|       pointer|
|m_axi_i3_ARPROT        |  out|    3|       m_axi|             i3|       pointer|
|m_axi_i3_ARQOS         |  out|    4|       m_axi|             i3|       pointer|
|m_axi_i3_ARREGION      |  out|    4|       m_axi|             i3|       pointer|
|m_axi_i3_ARUSER        |  out|    1|       m_axi|             i3|       pointer|
|m_axi_i3_RVALID        |   in|    1|       m_axi|             i3|       pointer|
|m_axi_i3_RREADY        |  out|    1|       m_axi|             i3|       pointer|
|m_axi_i3_RDATA         |   in|   32|       m_axi|             i3|       pointer|
|m_axi_i3_RLAST         |   in|    1|       m_axi|             i3|       pointer|
|m_axi_i3_RID           |   in|    1|       m_axi|             i3|       pointer|
|m_axi_i3_RFIFONUM      |   in|   13|       m_axi|             i3|       pointer|
|m_axi_i3_RUSER         |   in|    1|       m_axi|             i3|       pointer|
|m_axi_i3_RRESP         |   in|    2|       m_axi|             i3|       pointer|
|m_axi_i3_BVALID        |   in|    1|       m_axi|             i3|       pointer|
|m_axi_i3_BREADY        |  out|    1|       m_axi|             i3|       pointer|
|m_axi_i3_BRESP         |   in|    2|       m_axi|             i3|       pointer|
|m_axi_i3_BID           |   in|    1|       m_axi|             i3|       pointer|
|m_axi_i3_BUSER         |   in|    1|       m_axi|             i3|       pointer|
|output_ftmap           |   in|   64|     ap_none|   output_ftmap|        scalar|
+-----------------------+-----+-----+------------+---------------+--------------+

